main.c:97:5:main	24	static
main.c:162:6:SystemClock_Config	88	static
main.c:207:13:MX_TIM1_Init	48	static
main.c:266:13:MX_TIM2_Init	32	static
main.c:314:13:MX_TIM5_Init	32	static
main.c:359:13:MX_TIM10_Init	8	static
main.c:390:13:MX_TIM11_Init	8	static
main.c:421:13:MX_USART2_UART_Init	8	static
main.c:452:13:MX_DMA_Init	16	static
main.c:474:13:MX_GPIO_Init	48	static
main.c:503:6:encoderSpeedReaderCycle	16	static
main.c:524:10:micros	12	static
main.c:528:6:HAL_TIM_PeriodElapsedCallback	24	static
main.c:541:6:Error_Handler	4	static,ignoring_inline_asm
